MPLINK 4.49, Linker
Linker Map File - Created Tue Mar 14 14:36:48 2023

                                 Section Info
                  Section       Type    Address   Location Size(Bytes)
                ---------  ---------  ---------  ---------  ---------
                   .org_0       code   0x000000    program   0x000000
                   .org_1       code   0x000000    program   0x000002
                   .org_2       code   0x000005    program   0x00002e



                              Program Memory Usage 
                               Start         End      
                           ---------   ---------      
                            0x000000    0x000000      
                            0x000005    0x00001b      
            24 out of 8454 program addresses used, program memory utilization is 0%



                              Symbols - Sorted by Name
                     Name    Address   Location    Storage File                     
                ---------  ---------  ---------  --------- ---------                
                   INICIO   0x000005    program     static D:\Yisus\Documentos\Semestre_2023-2\Microcomputadoras\Tarea2\ProgramaCorrimiento\ejercicio9.asm
                      dos   0x000013    program     static D:\Yisus\Documentos\Semestre_2023-2\Microcomputadoras\Tarea2\ProgramaCorrimiento\ejercicio9.asm
                    loop2   0x00000c    program     static D:\Yisus\Documentos\Semestre_2023-2\Microcomputadoras\Tarea2\ProgramaCorrimiento\ejercicio9.asm
                  retardo   0x00000f    program     static D:\Yisus\Documentos\Semestre_2023-2\Microcomputadoras\Tarea2\ProgramaCorrimiento\ejercicio9.asm
                     tres   0x000011    program     static D:\Yisus\Documentos\Semestre_2023-2\Microcomputadoras\Tarea2\ProgramaCorrimiento\ejercicio9.asm
                      uno   0x000015    program     static D:\Yisus\Documentos\Semestre_2023-2\Microcomputadoras\Tarea2\ProgramaCorrimiento\ejercicio9.asm



                              Symbols - Sorted by Address
                     Name    Address   Location    Storage File                     
                ---------  ---------  ---------  --------- ---------                
                   INICIO   0x000005    program     static D:\Yisus\Documentos\Semestre_2023-2\Microcomputadoras\Tarea2\ProgramaCorrimiento\ejercicio9.asm
                    loop2   0x00000c    program     static D:\Yisus\Documentos\Semestre_2023-2\Microcomputadoras\Tarea2\ProgramaCorrimiento\ejercicio9.asm
                  retardo   0x00000f    program     static D:\Yisus\Documentos\Semestre_2023-2\Microcomputadoras\Tarea2\ProgramaCorrimiento\ejercicio9.asm
                     tres   0x000011    program     static D:\Yisus\Documentos\Semestre_2023-2\Microcomputadoras\Tarea2\ProgramaCorrimiento\ejercicio9.asm
                      dos   0x000013    program     static D:\Yisus\Documentos\Semestre_2023-2\Microcomputadoras\Tarea2\ProgramaCorrimiento\ejercicio9.asm
                      uno   0x000015    program     static D:\Yisus\Documentos\Semestre_2023-2\Microcomputadoras\Tarea2\ProgramaCorrimiento\ejercicio9.asm


